2026-05-08 09:11:00,260 - core.inpaint - WARNING - lama-cleaner库未安装，将使用简单的OpenCV修复
2026-05-08 09:11:00,501 - ui.main_window - INFO - 主窗口初始化完成
2026-05-08 09:13:41,226 - core.inpaint - WARNING - lama-cleaner库未安装，将使用简单的OpenCV修复
2026-05-08 09:13:41,378 - ui.main_window - INFO - 主窗口初始化完成
2026-05-08 09:14:11,445 - ui.main_window - INFO - Mask已更新
2026-05-08 09:14:11,449 - ui.main_window - INFO - 已加载图片: redis集群.png
2026-05-08 09:14:11,449 - ui.main_window - INFO - 已导入 1 张图片
2026-05-08 09:14:33,296 - ui.main_window - INFO - Mask已更新
2026-05-08 09:14:33,352 - ui.main_window - INFO - 自动检测完成，已生成Mask
2026-05-08 09:14:40,032 - ui.main_window - INFO - AI修复完成
2026-05-08 09:17:30,875 - core.inpaint - WARNING - lama-cleaner库未安装，将使用简单的OpenCV修复
2026-05-08 09:17:31,026 - ui.main_window - INFO - 主窗口初始化完成
2026-05-08 09:17:39,474 - ui.main_window - INFO - Mask已更新
2026-05-08 09:17:39,477 - ui.main_window - INFO - 已加载图片: redis集群.png
2026-05-08 09:17:39,477 - ui.main_window - INFO - 已导入 1 张图片
2026-05-08 09:17:43,228 - ui.main_window - INFO - Mask已更新
2026-05-08 09:17:43,285 - ui.main_window - INFO - 自动检测完成，已生成Mask
2026-05-08 09:17:47,105 - ui.main_window - INFO - AI修复完成
2026-05-08 09:18:06,920 - ui.main_window - INFO - Mask已更新
2026-05-08 09:18:25,859 - ui.main_window - INFO - Mask已更新
2026-05-08 09:18:25,863 - ui.main_window - INFO - 已清空Mask
2026-05-08 09:18:28,967 - ui.main_window - INFO - Mask已更新
2026-05-08 09:18:29,025 - ui.main_window - INFO - 自动检测完成，已生成Mask
2026-05-08 09:20:52,327 - core.inpaint - WARNING - lama-cleaner库未安装，将使用简单的OpenCV修复
2026-05-08 09:20:52,487 - ui.main_window - INFO - 主窗口初始化完成
2026-05-08 09:20:59,530 - ui.main_window - INFO - Mask已更新
2026-05-08 09:20:59,533 - ui.main_window - INFO - 已加载图片: redis集群.png
2026-05-08 09:20:59,534 - ui.main_window - INFO - 已导入 1 张图片
2026-05-08 09:21:02,070 - ui.main_window - INFO - Mask已更新
2026-05-08 09:21:02,125 - ui.main_window - INFO - 自动检测完成，已生成Mask
2026-05-08 09:21:04,539 - ui.main_window - INFO - AI修复完成
2026-05-08 09:21:24,913 - core.inpaint - WARNING - lama-cleaner库未安装，将使用简单的OpenCV修复
2026-05-08 09:21:25,066 - ui.main_window - INFO - 主窗口初始化完成
2026-05-08 09:21:31,524 - ui.main_window - INFO - Mask已更新
2026-05-08 09:21:31,528 - ui.main_window - INFO - 已加载图片: redis集群.png
2026-05-08 09:21:31,528 - ui.main_window - INFO - 已导入 1 张图片
2026-05-08 09:21:34,616 - ui.main_window - INFO - Mask已更新
2026-05-08 09:21:34,673 - ui.main_window - INFO - 自动检测完成，已生成Mask
2026-05-08 09:21:40,680 - ui.main_window - INFO - AI修复完成
2026-05-08 09:21:42,385 - ui.main_window - INFO - AI修复完成
2026-05-08 09:21:48,424 - ui.main_window - INFO - Mask已更新
2026-05-08 09:21:48,430 - ui.main_window - INFO - Mask已更新
2026-05-08 09:21:48,434 - ui.main_window - INFO - 已清空Mask
2026-05-08 09:21:48,434 - ui.main_window - INFO - Mask已更新
2026-05-08 09:21:48,439 - ui.main_window - INFO - 已清空Mask
2026-05-08 09:21:48,440 - ui.main_window - INFO - Mask已更新
2026-05-08 09:21:48,444 - ui.main_window - INFO - 已清空Mask
2026-05-08 09:21:51,492 - ui.main_window - INFO - Mask已更新
2026-05-08 09:21:51,963 - ui.main_window - INFO - Mask已更新
2026-05-08 09:21:55,699 - ui.main_window - INFO - Mask已更新
2026-05-08 09:21:58,021 - ui.main_window - INFO - AI修复完成
2026-05-08 09:22:01,826 - ui.main_window - INFO - Mask已更新
2026-05-08 09:22:03,870 - ui.main_window - INFO - AI修复完成
2026-05-08 09:22:06,314 - ui.main_window - INFO - Mask已更新
2026-05-08 09:22:06,917 - ui.main_window - INFO - AI修复完成
2026-05-08 09:22:10,771 - ui.main_window - INFO - Mask已更新
2026-05-08 09:22:11,969 - ui.main_window - INFO - AI修复完成
2026-05-08 09:22:15,146 - ui.main_window - INFO - Mask已更新
2026-05-08 09:22:16,043 - ui.main_window - INFO - AI修复完成
2026-05-08 09:22:19,745 - ui.main_window - INFO - Mask已更新
2026-05-08 09:22:20,893 - ui.main_window - INFO - Mask已更新
2026-05-08 09:22:21,518 - ui.main_window - INFO - AI修复完成
2026-05-08 09:22:24,306 - ui.main_window - INFO - Mask已更新
2026-05-08 09:22:25,122 - ui.main_window - INFO - Mask已更新
2026-05-08 09:22:26,923 - ui.main_window - INFO - Mask已更新
2026-05-08 09:22:42,554 - ui.main_window - INFO - Mask已更新
2026-05-08 09:22:47,963 - ui.main_window - INFO - Mask已更新
2026-05-08 09:22:51,067 - ui.main_window - INFO - AI修复完成
2026-05-08 09:22:51,748 - ui.main_window - INFO - AI修复完成
2026-05-08 09:22:56,642 - ui.main_window - INFO - Mask已更新
2026-05-08 09:23:01,798 - ui.main_window - INFO - AI修复完成
2026-05-08 09:23:05,887 - ui.main_window - INFO - Mask已更新
2026-05-08 09:23:08,914 - ui.main_window - INFO - Mask已更新
2026-05-08 09:23:10,103 - ui.main_window - INFO - AI修复完成
2026-05-08 09:23:13,906 - ui.main_window - INFO - Mask已更新
2026-05-08 09:23:15,145 - ui.main_window - INFO - AI修复完成
2026-05-08 09:23:19,001 - ui.main_window - INFO - Mask已更新
2026-05-08 09:23:19,987 - ui.main_window - INFO - AI修复完成
2026-05-08 09:23:22,636 - ui.main_window - INFO - Mask已更新
2026-05-08 09:23:24,463 - ui.main_window - INFO - Mask已更新
2026-05-08 09:23:25,596 - ui.main_window - INFO - AI修复完成
2026-05-08 09:23:26,346 - ui.main_window - INFO - Mask已更新
